MPLINK 5.09, LINKER
Linker Map File - Created Mon Oct 22 17:55:41 2018

                                 Section Info
                  Section       Type    Address   Location Size(Bytes)
                ---------  ---------  ---------  ---------  ---------
                   .org_0       code   0x000000    program   0x000082
                   .cinit    romdata   0x000041    program   0x000004
.config_2007_BUILD/DEFAULT/PRODUCTION/NEWPIC_       code   0x002007    program   0x000002



                              Program Memory Usage 
                               Start         End      
                           ---------   ---------      
                            0x000000    0x000042      
                            0x002007    0x002007      
            68 out of 8454 program addresses used, program memory utilization is 0%



                              Symbols - Sorted by Name
                     Name    Address   Location    Storage File                     
                ---------  ---------  ---------  --------- ---------                
                   ciclo2   0x00003c    program     static C:\Users\usuario\Desktop\PRUEBA\rieg2.X\newpic_8b_simple.asm
                   conver   0x000010    program     static C:\Users\usuario\Desktop\PRUEBA\rieg2.X\newpic_8b_simple.asm
                   inicio   0x000028    program     static C:\Users\usuario\Desktop\PRUEBA\rieg2.X\newpic_8b_simple.asm
                    motor   0x00001e    program     static C:\Users\usuario\Desktop\PRUEBA\rieg2.X\newpic_8b_simple.asm
                     otro   0x000005    program     static C:\Users\usuario\Desktop\PRUEBA\rieg2.X\newpic_8b_simple.asm
                    otro2   0x000003    program     static C:\Users\usuario\Desktop\PRUEBA\rieg2.X\newpic_8b_simple.asm
                  pereira   0x000017    program     static C:\Users\usuario\Desktop\PRUEBA\rieg2.X\newpic_8b_simple.asm
                  retarms   0x000001    program     static C:\Users\usuario\Desktop\PRUEBA\rieg2.X\newpic_8b_simple.asm



                              Symbols - Sorted by Address
                     Name    Address   Location    Storage File                     
                ---------  ---------  ---------  --------- ---------                
                  retarms   0x000001    program     static C:\Users\usuario\Desktop\PRUEBA\rieg2.X\newpic_8b_simple.asm
                    otro2   0x000003    program     static C:\Users\usuario\Desktop\PRUEBA\rieg2.X\newpic_8b_simple.asm
                     otro   0x000005    program     static C:\Users\usuario\Desktop\PRUEBA\rieg2.X\newpic_8b_simple.asm
                   conver   0x000010    program     static C:\Users\usuario\Desktop\PRUEBA\rieg2.X\newpic_8b_simple.asm
                  pereira   0x000017    program     static C:\Users\usuario\Desktop\PRUEBA\rieg2.X\newpic_8b_simple.asm
                    motor   0x00001e    program     static C:\Users\usuario\Desktop\PRUEBA\rieg2.X\newpic_8b_simple.asm
                   inicio   0x000028    program     static C:\Users\usuario\Desktop\PRUEBA\rieg2.X\newpic_8b_simple.asm
                   ciclo2   0x00003c    program     static C:\Users\usuario\Desktop\PRUEBA\rieg2.X\newpic_8b_simple.asm


