MPLINK 5.08, LINKER
Linker Map File - Created Wed Oct 24 06:23:00 2018

                                 Section Info
                  Section       Type    Address   Location Size(Bytes)
                ---------  ---------  ---------  ---------  ---------
                   .org_0       code   0x000000    program   0x000002
                   .cinit    romdata   0x000001    program   0x000004
                   .org_1       code   0x000005    program   0x00007a



                              Program Memory Usage 
                               Start         End      
                           ---------   ---------      
                            0x000000    0x000002      
                            0x000005    0x000041      
            64 out of 8454 program addresses used, program memory utilization is 0%



                              Symbols - Sorted by Name
                     Name    Address   Location    Storage File                     
                ---------  ---------  ---------  --------- ---------                
                    BOMBA   0x00001c    program     static C:\Users\햚gel\Documents\UPY\2ND QUARTER\ARCHITECTURE\FLOWERPOTSASSE.X\FINALCODE.asm
                    CHECK   0x000015    program     static C:\Users\햚gel\Documents\UPY\2ND QUARTER\ARCHITECTURE\FLOWERPOTSASSE.X\FINALCODE.asm
                    CICLO   0x00003d    program     static C:\Users\햚gel\Documents\UPY\2ND QUARTER\ARCHITECTURE\FLOWERPOTSASSE.X\FINALCODE.asm
                   CONVER   0x00000e    program     static C:\Users\햚gel\Documents\UPY\2ND QUARTER\ARCHITECTURE\FLOWERPOTSASSE.X\FINALCODE.asm
                   DEMORA   0x000009    program     static C:\Users\햚gel\Documents\UPY\2ND QUARTER\ARCHITECTURE\FLOWERPOTSASSE.X\FINALCODE.asm
                   INICIO   0x000029    program     static C:\Users\햚gel\Documents\UPY\2ND QUARTER\ARCHITECTURE\FLOWERPOTSASSE.X\FINALCODE.asm
                  RETARDO   0x000005    program     static C:\Users\햚gel\Documents\UPY\2ND QUARTER\ARCHITECTURE\FLOWERPOTSASSE.X\FINALCODE.asm



                              Symbols - Sorted by Address
                     Name    Address   Location    Storage File                     
                ---------  ---------  ---------  --------- ---------                
                  RETARDO   0x000005    program     static C:\Users\햚gel\Documents\UPY\2ND QUARTER\ARCHITECTURE\FLOWERPOTSASSE.X\FINALCODE.asm
                   DEMORA   0x000009    program     static C:\Users\햚gel\Documents\UPY\2ND QUARTER\ARCHITECTURE\FLOWERPOTSASSE.X\FINALCODE.asm
                   CONVER   0x00000e    program     static C:\Users\햚gel\Documents\UPY\2ND QUARTER\ARCHITECTURE\FLOWERPOTSASSE.X\FINALCODE.asm
                    CHECK   0x000015    program     static C:\Users\햚gel\Documents\UPY\2ND QUARTER\ARCHITECTURE\FLOWERPOTSASSE.X\FINALCODE.asm
                    BOMBA   0x00001c    program     static C:\Users\햚gel\Documents\UPY\2ND QUARTER\ARCHITECTURE\FLOWERPOTSASSE.X\FINALCODE.asm
                   INICIO   0x000029    program     static C:\Users\햚gel\Documents\UPY\2ND QUARTER\ARCHITECTURE\FLOWERPOTSASSE.X\FINALCODE.asm
                    CICLO   0x00003d    program     static C:\Users\햚gel\Documents\UPY\2ND QUARTER\ARCHITECTURE\FLOWERPOTSASSE.X\FINALCODE.asm


